App.tsx(476,33): error TS2339: Property 'ion-icon' does not exist on type 'JSX.IntrinsicElements'.
App.tsx(476,116): error TS2339: Property 'ion-icon' does not exist on type 'JSX.IntrinsicElements'.
App.tsx(480,33): error TS2339: Property 'ion-icon' does not exist on type 'JSX.IntrinsicElements'.
App.tsx(480,131): error TS2339: Property 'ion-icon' does not exist on type 'JSX.IntrinsicElements'.
App.tsx(485,29): error TS2339: Property 'ion-icon' does not exist on type 'JSX.IntrinsicElements'.
App.tsx(485,60): error TS2339: Property 'ion-icon' does not exist on type 'JSX.IntrinsicElements'.
App.tsx(523,494): error TS2339: Property 'ion-icon' does not exist on type 'JSX.IntrinsicElements'.
App.tsx(523,559): error TS2339: Property 'ion-icon' does not exist on type 'JSX.IntrinsicElements'.
App.tsx(523,657): error TS2339: Property 'ion-icon' does not exist on type 'JSX.IntrinsicElements'.
App.tsx(523,718): error TS2339: Property 'ion-icon' does not exist on type 'JSX.IntrinsicElements'.
App.tsx(523,789): error TS2339: Property 'ion-icon' does not exist on type 'JSX.IntrinsicElements'.
App.tsx(523,850): error TS2339: Property 'ion-icon' does not exist on type 'JSX.IntrinsicElements'.
App.tsx(523,937): error TS2339: Property 'ion-icon' does not exist on type 'JSX.IntrinsicElements'.
App.tsx(523,998): error TS2339: Property 'ion-icon' does not exist on type 'JSX.IntrinsicElements'.
App.tsx(532,371): error TS2353: Object literal may only specify known properties, and 'categories' does not exist in type 'Partial<{ goldRates: { '22K': number; '24K': number; }; silverRate: number; heroImage: string; manageableCategories: string[]; manageablePurities: string[]; showcaseCategories: ShowcaseCategory[]; }>'.
App.tsx(532,459): error TS2353: Object literal may only specify known properties, and 'purities' does not exist in type 'Partial<{ goldRates: { '22K': number; '24K': number; }; silverRate: number; heroImage: string; manageableCategories: string[]; manageablePurities: string[]; showcaseCategories: ShowcaseCategory[]; }>'.
components/admin/AdminLayout.tsx(29,5): error TS2339: Property 'ion-icon' does not exist on type 'JSX.IntrinsicElements'.
components/admin/AdminLayout.tsx(29,65): error TS2339: Property 'ion-icon' does not exist on type 'JSX.IntrinsicElements'.
components/admin/AdminLayout.tsx(78,21): error TS2339: Property 'ion-icon' does not exist on type 'JSX.IntrinsicElements'.
components/admin/AdminLayout.tsx(78,105): error TS2339: Property 'ion-icon' does not exist on type 'JSX.IntrinsicElements'.
components/admin/Dashboard.tsx(13,13): error TS2339: Property 'ion-icon' does not exist on type 'JSX.IntrinsicElements'.
components/admin/Dashboard.tsx(13,67): error TS2339: Property 'ion-icon' does not exist on type 'JSX.IntrinsicElements'.
components/admin/ProductManagement.tsx(321,274): error TS2339: Property 'ion-icon' does not exist on type 'JSX.IntrinsicElements'.
components/admin/ProductManagement.tsx(321,305): error TS2339: Property 'ion-icon' does not exist on type 'JSX.IntrinsicElements'.
components/admin/ProductManagement.tsx(346,37): error TS2339: Property 'ion-icon' does not exist on type 'JSX.IntrinsicElements'.
components/admin/ProductManagement.tsx(346,68): error TS2339: Property 'ion-icon' does not exist on type 'JSX.IntrinsicElements'.
components/admin/ProductManagement.tsx(454,25): error TS2339: Property 'ion-icon' does not exist on type 'JSX.IntrinsicElements'.
components/admin/ProductManagement.tsx(454,64): error TS2339: Property 'ion-icon' does not exist on type 'JSX.IntrinsicElements'.
components/admin/ProductManagement.tsx(458,25): error TS2339: Property 'ion-icon' does not exist on type 'JSX.IntrinsicElements'.
components/admin/ProductManagement.tsx(458,55): error TS2339: Property 'ion-icon' does not exist on type 'JSX.IntrinsicElements'.
components/admin/ProductManagement.tsx(462,25): error TS2339: Property 'ion-icon' does not exist on type 'JSX.IntrinsicElements'.
components/admin/ProductManagement.tsx(462,54): error TS2339: Property 'ion-icon' does not exist on type 'JSX.IntrinsicElements'.
components/admin/ProductManagement.tsx(513,212): error TS2339: Property 'ion-icon' does not exist on type 'JSX.IntrinsicElements'.
components/admin/ProductManagement.tsx(513,245): error TS2339: Property 'ion-icon' does not exist on type 'JSX.IntrinsicElements'.
components/admin/ProductManagement.tsx(514,229): error TS2339: Property 'ion-icon' does not exist on type 'JSX.IntrinsicElements'.
components/admin/ProductManagement.tsx(514,264): error TS2339: Property 'ion-icon' does not exist on type 'JSX.IntrinsicElements'.
components/admin/ProductManagement.tsx(518,200): error TS2339: Property 'ion-icon' does not exist on type 'JSX.IntrinsicElements'.
components/admin/ProductManagement.tsx(518,232): error TS2339: Property 'ion-icon' does not exist on type 'JSX.IntrinsicElements'.
components/admin/ProductManagement.tsx(519,209): error TS2339: Property 'ion-icon' does not exist on type 'JSX.IntrinsicElements'.
components/admin/ProductManagement.tsx(519,240): error TS2339: Property 'ion-icon' does not exist on type 'JSX.IntrinsicElements'.
components/admin/Settings.tsx(42,29): error TS2339: Property 'ion-icon' does not exist on type 'JSX.IntrinsicElements'.
components/admin/Settings.tsx(42,60): error TS2339: Property 'ion-icon' does not exist on type 'JSX.IntrinsicElements'.
components/CompareBar.tsx(33,21): error TS2339: Property 'ion-icon' does not exist on type 'JSX.IntrinsicElements'.
components/CompareBar.tsx(33,52): error TS2339: Property 'ion-icon' does not exist on type 'JSX.IntrinsicElements'.
components/Footer.tsx(21,95): error TS2339: Property 'ion-icon' does not exist on type 'JSX.IntrinsicElements'.
components/Footer.tsx(21,148): error TS2339: Property 'ion-icon' does not exist on type 'JSX.IntrinsicElements'.
components/Footer.tsx(23,95): error TS2339: Property 'ion-icon' does not exist on type 'JSX.IntrinsicElements'.
components/Footer.tsx(23,147): error TS2339: Property 'ion-icon' does not exist on type 'JSX.IntrinsicElements'.
components/Footer.tsx(25,162): error TS2339: Property 'ion-icon' does not exist on type 'JSX.IntrinsicElements'.
components/Footer.tsx(25,214): error TS2339: Property 'ion-icon' does not exist on type 'JSX.IntrinsicElements'.
components/Footer.tsx(42,63): error TS2339: Property 'ion-icon' does not exist on type 'JSX.IntrinsicElements'.
components/Footer.tsx(42,114): error TS2339: Property 'ion-icon' does not exist on type 'JSX.IntrinsicElements'.
components/Footer.tsx(44,63): error TS2339: Property 'ion-icon' does not exist on type 'JSX.IntrinsicElements'.
components/Footer.tsx(44,110): error TS2339: Property 'ion-icon' does not exist on type 'JSX.IntrinsicElements'.
components/Footer.tsx(46,63): error TS2339: Property 'ion-icon' does not exist on type 'JSX.IntrinsicElements'.
components/Footer.tsx(46,110): error TS2339: Property 'ion-icon' does not exist on type 'JSX.IntrinsicElements'.
components/GoldRateTicker.tsx(17,13): error TS2339: Property 'ion-icon' does not exist on type 'JSX.IntrinsicElements'.
components/GoldRateTicker.tsx(17,61): error TS2339: Property 'ion-icon' does not exist on type 'JSX.IntrinsicElements'.
components/Header.tsx(53,29): error TS2339: Property 'ion-icon' does not exist on type 'JSX.IntrinsicElements'.
components/Header.tsx(53,81): error TS2339: Property 'ion-icon' does not exist on type 'JSX.IntrinsicElements'.
components/Header.tsx(58,29): error TS2339: Property 'ion-icon' does not exist on type 'JSX.IntrinsicElements'.
components/Header.tsx(58,87): error TS2339: Property 'ion-icon' does not exist on type 'JSX.IntrinsicElements'.
components/Header.tsx(63,29): error TS2339: Property 'ion-icon' does not exist on type 'JSX.IntrinsicElements'.
components/Header.tsx(63,113): error TS2339: Property 'ion-icon' does not exist on type 'JSX.IntrinsicElements'.
components/Header.tsx(69,37): error TS2339: Property 'ion-icon' does not exist on type 'JSX.IntrinsicElements'.
components/Header.tsx(69,97): error TS2339: Property 'ion-icon' does not exist on type 'JSX.IntrinsicElements'.
components/Header.tsx(86,33): error TS2339: Property 'ion-icon' does not exist on type 'JSX.IntrinsicElements'.
components/Header.tsx(86,117): error TS2339: Property 'ion-icon' does not exist on type 'JSX.IntrinsicElements'.
components/MyUploadsPage.tsx(90,33): error TS2339: Property 'ion-icon' does not exist on type 'JSX.IntrinsicElements'.
components/MyUploadsPage.tsx(90,85): error TS2339: Property 'ion-icon' does not exist on type 'JSX.IntrinsicElements'.
components/MyUploadsPage.tsx(100,21): error TS2339: Property 'ion-icon' does not exist on type 'JSX.IntrinsicElements'.
components/MyUploadsPage.tsx(100,115): error TS2339: Property 'ion-icon' does not exist on type 'JSX.IntrinsicElements'.
components/ProductCard.tsx(31,13): error TS2339: Property 'ion-icon' does not exist on type 'JSX.IntrinsicElements'.
components/ProductCard.tsx(31,71): error TS2339: Property 'ion-icon' does not exist on type 'JSX.IntrinsicElements'.
components/ProductCard.tsx(37,13): error TS2339: Property 'ion-icon' does not exist on type 'JSX.IntrinsicElements'.
components/ProductCard.tsx(37,82): error TS2339: Property 'ion-icon' does not exist on type 'JSX.IntrinsicElements'.
